// Jest Snapshot v1, https://goo.gl/fbAQLP

exports[`Tests Users Table should match snapshot 1`] = `<DocumentFragment />`;
